[1v1.lol/index.html]
[backblue.gif]
[fade.gif]
[index.html]
[www.gstatic.com/firebasejs/7.2.1/firebase-app.js]
[www.gstatic.com/firebasejs/7.2.1/firebase-analytics.js]
[www.gstatic.com/firebasejs/7.2.1/firebase-auth.js]
[www.gstatic.com/firebasejs/7.2.1/firebase-firestore.js]
[www.gstatic.com/firebasejs/7.2.1/firebase-remote-config.js]
[1v1.lol/js/dependencyLoader30f4.js]
[1v1.lol/img/favicon43a0.png]
[1v1.lol/de.html]
[1v1.lol/it.html]
[1v1.lol/fr.html]
[1v1.lol/es.html]
[1v1.lol/pt.html]
[1v1.lol/pl.html]
[1v1.lol/ja.html]
[1v1.lol/ru.html]
[1v1.lol/css/style.css]
[imasdk.googleapis.com/js/sdkloader/ima3.js]
[cdn.cookielaw.org/consent/04f73bfc-c643-4620-9c4b-fb8d44e993a5/OtAutoBlock.js]
[1v1.lol/index.html]
[1v1.lol/img/logo.png]
[1v1.lol/js/dependencyLoader.js]
[cdn.cookielaw.org/scripttemplates/otSDKStub.js]
[1v1.lol/img/favicon1b26.png]
[1v1.lol/de.html]
[1v1.lol/it.html]
[1v1.lol/fr.html]
[1v1.lol/es.html]
[1v1.lol/pt.html]
[1v1.lol/pl.html]
[1v1.lol/ja.html]
[1v1.lol/ru.html]
[1v1.lol/css/style.css]
[www.google-analytics.com/analytics.js]
[securepubads.g.doubleclick.net/gpt/pubads_impl_2022050501.js]
[cdn.cookielaw.org/consent/04f73bfc-c643-4620-9c4b-fb8d44e993a5/OtAutoBlock.js]
